// Jest Snapshot v1, https://goo.gl/fbAQLP

exports[`<Tasks /> should match snapshot 1`] = `
<li>
  una tarea
   - 
  completa
  <button
    data-testid="edit-button"
    onClick={[Function]}
  >
    Editar
  </button>
  <button
    data-testid="toggle-button"
    onClick={[Function]}
  >
    Completar
  </button>
</li>
`;
